2026-02-02 01:36:15,088 [WARN] com.zaxxer.hikari.pool.HikariPool [HikariPool-1 housekeeper] HikariPool-1 - Thread starvation or clock leap detected (housekeeper delta=4h23m18s880ms275µs400ns).
2026-02-02 09:09:38,258 [WARN] com.zaxxer.hikari.pool.HikariPool [HikariPool-1 housekeeper] HikariPool-1 - Thread starvation or clock leap detected (housekeeper delta=7h33m26s405ms478µs300ns).
2026-02-02 10:50:00,847 [WARN] com.zaxxer.hikari.pool.HikariPool [HikariPool-1 housekeeper] HikariPool-1 - Thread starvation or clock leap detected (housekeeper delta=20m51s315ms50µs).
2026-02-02 11:13:00,404 [INFO] org.studyeasy.SpringRestdemo.SpringRestdemoApplication [main] Starting SpringRestdemoApplication using Java 17.0.12 with PID 28356 (C:\Manish\SpringBootBaseLineProject\SpringBoot_RESTAPI_Project\target\classes started by aksha in C:\Manish\SpringBootBaseLineProject\SpringBoot_RESTAPI_Project)
2026-02-02 11:13:00,408 [DEBUG] org.studyeasy.SpringRestdemo.SpringRestdemoApplication [main] Running with Spring Boot v3.0.1, Spring v6.0.3
2026-02-02 11:13:00,410 [INFO] org.studyeasy.SpringRestdemo.SpringRestdemoApplication [main] No active profile set, falling back to 1 default profile: "default"
2026-02-02 11:13:02,031 [INFO] org.springframework.data.repository.config.RepositoryConfigurationDelegate [main] Bootstrapping Spring Data JPA repositories in DEFAULT mode.
2026-02-02 11:13:02,175 [INFO] org.springframework.data.repository.config.RepositoryConfigurationDelegate [main] Finished Spring Data repository scanning in 118 ms. Found 3 JPA repository interfaces.
2026-02-02 11:13:03,381 [INFO] org.springframework.boot.web.embedded.tomcat.TomcatWebServer [main] Tomcat initialized with port(s): 8081 (http)
2026-02-02 11:13:03,408 [INFO] org.apache.catalina.core.StandardService [main] Starting service [Tomcat]
2026-02-02 11:13:03,409 [INFO] org.apache.catalina.core.StandardEngine [main] Starting Servlet engine: [Apache Tomcat/10.1.4]
2026-02-02 11:13:03,750 [INFO] org.apache.catalina.core.ContainerBase.[Tomcat].[localhost].[/] [main] Initializing Spring embedded WebApplicationContext
2026-02-02 11:13:03,750 [INFO] org.springframework.boot.web.servlet.context.ServletWebServerApplicationContext [main] Root WebApplicationContext: initialization completed in 3262 ms
2026-02-02 11:13:04,059 [INFO] org.hibernate.jpa.internal.util.LogHelper [main] HHH000204: Processing PersistenceUnitInfo [name: default]
2026-02-02 11:13:04,177 [INFO] org.hibernate.Version [main] HHH000412: Hibernate ORM core version 6.1.6.Final
2026-02-02 11:13:04,538 [WARN] org.hibernate.orm.deprecation [main] HHH90000021: Encountered deprecated setting [javax.persistence.sharedCache.mode], use [jakarta.persistence.sharedCache.mode] instead
2026-02-02 11:13:04,740 [INFO] com.zaxxer.hikari.HikariDataSource [main] HikariPool-1 - Starting...
2026-02-02 11:13:05,205 [INFO] com.zaxxer.hikari.pool.HikariPool [main] HikariPool-1 - Added connection com.mysql.cj.jdbc.ConnectionImpl@247bbfba
2026-02-02 11:13:05,205 [INFO] com.zaxxer.hikari.HikariDataSource [main] HikariPool-1 - Start completed.
2026-02-02 11:13:05,315 [INFO] SQL dialect [main] HHH000400: Using dialect: org.hibernate.dialect.MySQLDialect
2026-02-02 11:13:07,034 [INFO] org.hibernate.engine.transaction.jta.platform.internal.JtaPlatformInitiator [main] HHH000490: Using JtaPlatform implementation: [org.hibernate.engine.transaction.jta.platform.internal.NoJtaPlatform]
2026-02-02 11:13:07,055 [INFO] org.springframework.orm.jpa.LocalContainerEntityManagerFactoryBean [main] Initialized JPA EntityManagerFactory for persistence unit 'default'
2026-02-02 11:13:08,228 [WARN] org.springframework.boot.autoconfigure.orm.jpa.JpaBaseConfiguration$JpaWebConfiguration [main] spring.jpa.open-in-view is enabled by default. Therefore, database queries may be performed during view rendering. Explicitly configure spring.jpa.open-in-view to disable this warning
2026-02-02 11:13:09,550 [INFO] org.springframework.security.web.DefaultSecurityFilterChain [main] Will secure any request with [org.springframework.security.web.session.DisableEncodeUrlFilter@706c2726, org.springframework.security.web.context.request.async.WebAsyncManagerIntegrationFilter@255482cb, org.springframework.security.web.context.SecurityContextHolderFilter@1f4de96e, org.springframework.security.web.header.HeaderWriterFilter@2c8c42c, org.springframework.security.web.authentication.logout.LogoutFilter@2723b0d0, org.springframework.security.oauth2.server.resource.web.authentication.BearerTokenAuthenticationFilter@6d911985, org.springframework.security.web.savedrequest.RequestCacheAwareFilter@c194c4e, org.springframework.security.web.servletapi.SecurityContextHolderAwareRequestFilter@1a1dd8eb, org.springframework.security.web.authentication.AnonymousAuthenticationFilter@40ecead5, org.springframework.security.web.session.SessionManagementFilter@13f10967, org.springframework.security.web.access.ExceptionTranslationFilter@57c7ec30, org.springframework.security.web.access.intercept.AuthorizationFilter@6d96a895]
2026-02-02 11:13:09,937 [INFO] org.springframework.boot.web.embedded.tomcat.TomcatWebServer [main] Tomcat started on port(s): 8081 (http) with context path ''
2026-02-02 11:13:09,951 [INFO] org.studyeasy.SpringRestdemo.SpringRestdemoApplication [main] Started SpringRestdemoApplication in 10.282 seconds (process running for 10.906)
2026-02-02 11:13:17,570 [INFO] org.apache.catalina.core.ContainerBase.[Tomcat].[localhost].[/] [http-nio-8081-exec-1] Initializing Spring DispatcherServlet 'dispatcherServlet'
2026-02-02 11:13:17,572 [INFO] org.springframework.web.servlet.DispatcherServlet [http-nio-8081-exec-1] Initializing Servlet 'dispatcherServlet'
2026-02-02 11:13:17,576 [INFO] org.springframework.web.servlet.DispatcherServlet [http-nio-8081-exec-1] Completed initialization in 2 ms
2026-02-02 11:13:21,855 [INFO] org.springdoc.api.AbstractOpenApiResource [http-nio-8081-exec-3] Init duration for springdoc-openapi is: 3257 ms
